// Vitest Snapshot v1, https://vitest.dev/guide/snapshot.html

exports[`MyComponent > renders correctly 1`] = `
"<div data-v-45f5edd7=\\"\\" class=\\"container\\">
  <div data-v-45f5edd7=\\"\\" class=\\"main\\">
    <div data-v-45f5edd7=\\"\\" class=\\"update-div\\">
      <p data-v-45f5edd7=\\"\\" class=\\"update\\"></p>
    </div><input data-v-45f5edd7=\\"\\" type=\\"checkbox\\" id=\\"chk\\" aria-hidden=\\"true\\">
    <div data-v-45f5edd7=\\"\\" class=\\"login\\">
      <form data-v-45f5edd7=\\"\\" class=\\"form\\"><label data-v-45f5edd7=\\"\\" id=\\"login\\" for=\\"chk\\" aria-hidden=\\"true\\">Logg inn</label><input data-v-45f5edd7=\\"\\" class=\\"input\\" type=\\"text\\" autocomplete=\\"email\\" name=\\"email\\" placeholder=\\"Email\\"><input data-v-45f5edd7=\\"\\" class=\\"input\\" type=\\"password\\" name=\\"pswd\\" placeholder=\\"Passord\\"><button data-v-45f5edd7=\\"\\" type=\\"submit\\">Logg inn</button></form>
    </div>
    <div data-v-45f5edd7=\\"\\" class=\\"signup\\">
      <form data-v-45f5edd7=\\"\\" class=\\"form\\"><label data-v-45f5edd7=\\"\\" id=\\"signup\\" for=\\"chk\\" aria-hidden=\\"true\\">Registrer deg</label><input data-v-45f5edd7=\\"\\" class=\\"input\\" type=\\"text\\" autocomplete=\\"email\\" name=\\"email\\" placeholder=\\"Email\\"><input data-v-45f5edd7=\\"\\" class=\\"input\\" type=\\"password\\" name=\\"pswd\\" placeholder=\\"Passord\\"><input data-v-45f5edd7=\\"\\" class=\\"input\\" type=\\"password\\" name=\\"pswd\\" placeholder=\\"Bekreft passord\\"><button data-v-45f5edd7=\\"\\" id=\\"sign-up-button\\" type=\\"submit\\">Registrer</button></form>
    </div>
  </div>
</div>"
`;
